// Jest Snapshot v1, https://goo.gl/fbAQLP

exports[`render AutoComplete component 1`] = `undefined`;

exports[`render Input component 1`] = `undefined`;
